main.c:65:6:setTimer0	16	static
main.c:69:6:setTimer1	16	static
main.c:75:6:timer_run	4	static
main.c:90:6:display7SEG	32	static
main.c:122:6:update7SEG	16	static
main.c:162:6:displayColumnLED	16	static
main.c:172:6:clearAllCol	8	static
main.c:186:6:updateLEDMatrix	16	static
main.c:273:8:updateClockBuffer	16	static
main.c:239:5:main	32	static
main.c:280:8:updateMatrixBuffer	24	static
main.c:355:6:SystemClock_Config	72	static
main.c:391:13:MX_TIM2_Init	32	static
main.c:436:13:MX_GPIO_Init	32	static
main.c:485:6:HAL_TIM_PeriodElapsedCallback	16	static
main.c:494:6:Error_Handler	4	static,ignoring_inline_asm
