main.c:65:6:setTimer0	16	static
main.c:69:6:setTimer1	16	static
main.c:75:6:timer_run	4	static
main.c:90:6:display7SEG	32	static
main.c:122:6:update7SEG	16	static
main.c:162:6:displayColumnLED	16	static
main.c:172:6:clearAllCol	8	static
main.c:186:6:updateLEDMatrix	16	static
main.c:234:6:updateClockBuffer	4	static
main.c:241:6:updateMatrixBuffer	24	static
main.c:274:5:main	24	static
main.c:361:6:SystemClock_Config	72	static
main.c:397:13:MX_TIM2_Init	32	static
main.c:442:13:MX_GPIO_Init	32	static
main.c:491:6:HAL_TIM_PeriodElapsedCallback	16	static
main.c:500:6:Error_Handler	4	static,ignoring_inline_asm
